// Jest Snapshot v1, https://goo.gl/fbAQLP

exports[`should return error if result repository name it was not passed 1`] = `
Object {
  "message": "repositoryName is a required field",
}
`;
