// Jest Snapshot v1, https://goo.gl/fbAQLP

exports[`should return error if resulr it was not found 1`] = `
Object {
  "message": "Result not found",
}
`;

exports[`should return result by id 1`] = `
Object {
  "result": Object {
    "_id": "ObjectId",
    "findings": Array [
      Object {
        "_id": "ObjectId",
        "location": Object {
          "path": "connectors1/apigateway.go",
          "positions": Object {
            "begin": Object {
              "line": 1,
            },
          },
        },
        "metadata": Object {
          "description": "TLS InsecureSkipVerify set true. 1",
          "severity": "HIGH",
        },
        "ruleId": "G402 1",
        "type": "sast 1",
      },
    ],
    "repositoryName": "Result Name 1",
    "status": "Queued",
  },
}
`;
